     1                                  %include "../include/define.s"
     1                              <1>     BOOT_LOAD       equ     0x7C00
     2                              <1>     BOOT_END        equ     (BOOT_LOAD + BOOT_SIZE)
     3                              <1> 
     4                              <1>     BOOT_SIZE       equ     (1024 * 8)
     5                              <1>     SECT_SIZE       equ     (512)
     6                              <1>     BOOT_SECT       equ     (BOOT_SIZE / SECT_SIZE)
     7                              <1> 
     8                              <1>     E820_RECORD_SIZE    equ     20
     9                              <1> 
    10                              <1>     KERNEL_LOAD     equ     0x0010_1000
    11                              <1>     KERNEL_SIZE     equ     (1024 * 8)      ; カーネルサイズ
    12                              <1>     KERNEL_SECT     equ     (KERNEL_SIZE / SECT_SIZE)
     2                                  %include "../include/macro.s"
     1                              <1> %macro  cdecl 1-*.nolist
     2                              <1> 
     3                              <1>     %rep    %0 - 1
     4                              <1>         push    %{-1:-1}
     5                              <1>         %rotate -1
     6                              <1>     %endrep
     7                              <1>     %rotate - 1
     8                              <1> 
     9                              <1>         call    %1
    10                              <1> 
    11                              <1>     %if 1 < %0
    12                              <1>         add     sp, (__BITS__ >> 3) * (%0 - 1)
    13                              <1>     %endif
    14                              <1> 
    15                              <1> %endmacro
    16                              <1> 
    17                              <1> struc drive
    18 00000000 <res 00000002>      <1>         .no     resw    1           ; ドライブ番号
    19 00000002 <res 00000002>      <1>         .cyln   resw    1           ; シリンダ
    20 00000004 <res 00000002>      <1>         .head   resw    1           ; ヘッド
    21 00000006 <res 00000002>      <1>         .sect   resw    1           ; セクタ
    22                              <1> endstruc
     3                                  
     4                                          ORG     KERNEL_LOAD
     5                                  
     6                                  [BITS 32]
     7                                  ;************************************************
     8                                  ;   エントリポイント
     9                                  ;************************************************
    10                                  kernel:
    11                                          ;----------------------------------
    12                                          ; フォントアドレスを取得
    13                                          ;----------------------------------
    14 00000000 BE007E0000                      mov     esi, BOOT_LOAD + SECT_SIZE      ; ESI = 0x7C00 + 512;
    15 00000005 0FB706                          movzx   eax, word [esi + 0]             ; EAX = [ESI + 0]; // セグメント
    16 00000008 0FB75E02                        movzx   ebx, word [esi + 2]             ; EBX = [ESI + 2]; // オフセット
    17 0000000C C1E004                          shl     eax, 4                          ; EAX <<= 4;
    18 0000000F 01D8                            add     eax, ebx                        ; EAX += EBX;
    19 00000011 A3[90000000]                    mov     [FONT_ADR], eax                 ; FONT_ADR[0] = EAX;
    20                                          
    21                                          ;----------------------------------
    22                                          ; 文字の表示
    23                                          ;----------------------------------
    24 00000016 6A41680F0100006A00-             cdecl   draw_char, 0, 0, 0x010F, 'A'
    24 0000001F 6A00E8F30000006683-
    24 00000028 C410               
    25 0000002A 6A42680F0100006A00-             cdecl   draw_char, 1, 0, 0x010F, 'B'
    25 00000033 6A01E8DF0000006683-
    25 0000003C C410               
    26 0000003E 6A43680F0100006A00-             cdecl   draw_char, 2, 0, 0x010F, 'C'
    26 00000047 6A02E8CB0000006683-
    26 00000050 C410               
    27                                  
    28 00000052 6A3068020400006A00-             cdecl   draw_char, 0, 0, 0x0402, '0'
    28 0000005B 6A00E8B70000006683-
    28 00000064 C410               
    29 00000066 6A3168120200006A00-             cdecl   draw_char, 1, 0, 0x0212, '1'
    29 0000006F 6A01E8A30000006683-
    29 00000078 C410               
    30 0000007A 6A5F68120200006A00-             cdecl   draw_char, 2, 0, 0x0212, '_'
    30 00000083 6A02E88F0000006683-
    30 0000008C C410               
    31                                  
    32                                          ;----------------------------------
    33                                          ; 処理の終了
    34                                          ;----------------------------------
    35 0000008E EBFE                            jmp     $                               ; while(1);     // 無限ループ
    36                                  
    37                                  ALIGN 4, db 0
    38 00000090 00000000                FONT_ADR:       dd  0
    39                                  
    40                                  ;************************************************
    41                                  ;   モジュール
    42                                  ;************************************************
    43                                  %include  "../modules/protect/vga.s"
     1                              <1> vga_set_read_plane:
     2                              <1>         ;---------------------------------
     3                              <1>         ; スタックフレームの構築
     4                              <1>         ;---------------------------------
     5                              <1>                                             ;    + 8| プレーン (インデックス)
     6                              <1>                                             ; ------+---------------
     7 00000094 55                  <1>         push    ebp                         ;    + 4| EIP (戻り番地)
     8 00000095 89E5                <1>         mov     ebp, esp                    ; EBP+ 0| EBP (元の値)
     9                              <1>                                             ;-------+---------------
    10                              <1> 
    11                              <1>         ;---------------------------------
    12                              <1>         ; レジスタの保存
    13                              <1>         ;---------------------------------
    14 00000097 50                  <1>         push    eax
    15 00000098 52                  <1>         push    edx
    16                              <1> 
    17                              <1>         ;---------------------------------
    18                              <1>         ; 読み込みプレーンの選択
    19                              <1>         ;---------------------------------
    20 00000099 8A6508              <1>         mov     ah, [ebp + 8]
    21 0000009C 80E403              <1>         and     ah, 0x03
    22 0000009F B004                <1>         mov     al, 0x04
    23 000000A1 66BACE03            <1>         mov     dx, 0x03CE
    24 000000A5 66EF                <1>         out     dx, ax
    25                              <1> 
    26                              <1>         ;---------------------------------
    27                              <1>         ; レジスタの復帰
    28                              <1>         ;---------------------------------
    29 000000A7 5A                  <1>         pop     edx
    30 000000A8 58                  <1>         pop     eax
    31                              <1> 
    32                              <1>         ;---------------------------------
    33                              <1>         ; スタックフレームの破棄
    34                              <1>         ;---------------------------------
    35 000000A9 89EC                <1>         mov     esp, ebp
    36 000000AB 5D                  <1>         pop     ebp
    37                              <1> 
    38 000000AC C3                  <1>         ret
    39                              <1> 
    40                              <1> vga_set_write_plane:
    41                              <1>         ;---------------------------------
    42                              <1>         ; スタックフレームの構築
    43                              <1>         ;---------------------------------
    44                              <1>                                             ;    + 8| プレーン (ビット指定)
    45                              <1>                                             ; ------+---------------
    46 000000AD 55                  <1>         push    ebp                         ;    + 4| EIP (戻り番地)
    47 000000AE 89E5                <1>         mov     ebp, esp                    ; EBP+ 0| EBP (元の値)
    48                              <1>                                             ;-------+---------------
    49                              <1> 
    50                              <1>         ;---------------------------------
    51                              <1>         ; レジスタの保存
    52                              <1>         ;---------------------------------
    53 000000B0 50                  <1>         push    eax
    54 000000B1 52                  <1>         push    edx
    55                              <1> 
    56                              <1>         ;---------------------------------
    57                              <1>         ; 書き込みプレーンの選択
    58                              <1>         ;---------------------------------
    59 000000B2 8A6508              <1>         mov     ah, [ebp + 8]
    60 000000B5 80E40F              <1>         and     ah, 0x0F
    61 000000B8 B002                <1>         mov     al, 0x02
    62 000000BA 66BAC403            <1>         mov     dx, 0x03C4
    63 000000BE 66EF                <1>         out     dx, ax
    64                              <1> 
    65                              <1>         ;---------------------------------
    66                              <1>         ; レジスタの復帰
    67                              <1>         ;---------------------------------
    68 000000C0 5A                  <1>         pop     edx
    69 000000C1 58                  <1>         pop     eax
    70                              <1> 
    71                              <1>         ;---------------------------------
    72                              <1>         ; スタックフレームの破棄
    73                              <1>         ;---------------------------------
    74 000000C2 89EC                <1>         mov     esp, ebp
    75 000000C4 5D                  <1>         pop     ebp
    76                              <1> 
    77 000000C5 C3                  <1>         ret
    78                              <1> 
    79                              <1> vram_font_copy:
    80                              <1>         ;---------------------------------
    81                              <1>         ; スタックフレームの構築
    82                              <1>         ;---------------------------------
    83                              <1>                                             ;    +20| 描画色
    84                              <1>                                             ;    +16| プレーン(ビット指定)
    85                              <1>                                             ;    +12| VRAMアドレス
    86                              <1>                                             ;    + 8| フォントアドレス
    87                              <1>                                             ; ------+---------------
    88 000000C6 55                  <1>         push    ebp                         ;    + 4| EIP (戻り番地)
    89 000000C7 89E5                <1>         mov     ebp, esp                    ; EBP+ 0| EBP (元の値)
    90                              <1>                                             ; ------+---------------
    91                              <1> 
    92                              <1>         ;---------------------------------
    93                              <1>         ; レジスタの保存
    94                              <1>         ;---------------------------------
    95 000000C9 50                  <1>         push    eax
    96 000000CA 53                  <1>         push    ebx
    97 000000CB 51                  <1>         push    ecx
    98 000000CC 52                  <1>         push    edx
    99 000000CD 56                  <1>         push    esi
   100 000000CE 57                  <1>         push    edi
   101                              <1> 
   102                              <1>         ;---------------------------------
   103                              <1>         ; 処理の開始
   104                              <1>         ;---------------------------------
   105 000000CF 8B7508              <1>         mov     esi, [ebp + 8]
   106 000000D2 8B7D0C              <1>         mov     edi, [ebp +12]
   107 000000D5 0FB64510            <1>         movzx   eax, byte [ebp +16]
   108 000000D9 0FB75D14            <1>         movzx   ebx, word [ebp + 20]
   109                              <1> 
   110 000000DD 84C7                <1>         test    bh, al
   111 000000DF 0F94C6              <1>         setz    dh
   112 000000E2 FECE                <1>         dec     dh
   113                              <1> 
   114 000000E4 84C3                <1>         test    bl, al
   115 000000E6 0F94C2              <1>         setz    dl
   116 000000E9 FECA                <1>         dec     dl
   117                              <1> 
   118                              <1>         ;---------------------------------
   119                              <1>         ; 16ドットフォントのコピー
   120                              <1>         ;---------------------------------
   121 000000EB FC                  <1>         cld
   122                              <1> 
   123 000000EC B910000000          <1>         mov     ecx, 16
   124                              <1> .10L:
   125                              <1>         ;---------------------------------
   126                              <1>         ; フォントマスクの作成
   127                              <1>         ;---------------------------------
   128 000000F1 AC                  <1>         lodsb
   129 000000F2 88C4                <1>         mov     ah, al
   130 000000F4 F6D4                <1>         not     ah
   131                              <1> 
   132                              <1>         ;---------------------------------
   133                              <1>         ; 前景色
   134                              <1>         ;---------------------------------
   135                              <1> 
   136 000000F6 20D0                <1>         and     al, dl
   137                              <1> 
   138                              <1>         ;---------------------------------
   139                              <1>         ; 背景色
   140                              <1>         ;---------------------------------
   141 000000F8 F7C310000000        <1>         test    ebx, 0x0010
   142 000000FE 7404                <1>         jz      .11F
   143 00000100 2227                <1>         and     ah, [edi]
   144 00000102 EB02                <1>         jmp     .11E
   145                              <1> .11F:
   146                              <1> 
   147 00000104 20F4                <1>         and     ah, dh
   148                              <1> .11E:
   149                              <1> 
   150                              <1>         ;---------------------------------
   151                              <1>         ; 前景色と背景色を合成
   152                              <1>         ;---------------------------------
   153 00000106 08E0                <1>         or      al, ah
   154                              <1> 
   155                              <1>         ;---------------------------------
   156                              <1>         ; 新しい値を出力
   157                              <1>         ;---------------------------------
   158 00000108 8807                <1>         mov     [edi], al
   159                              <1> 
   160 0000010A 83C750              <1>         add     edi, 80
   161 0000010D E2E2                <1>         loop    .10L
   162                              <1> .10E:
   163                              <1> 
   164                              <1>         ;---------------------------------
   165                              <1>         ; レジスタの復帰
   166                              <1>         ;---------------------------------
   167 0000010F 5F                  <1>         pop     edi
   168 00000110 5E                  <1>         pop     esi
   169 00000111 5A                  <1>         pop     edx
   170 00000112 59                  <1>         pop     ecx
   171 00000113 5B                  <1>         pop     ebx
   172 00000114 58                  <1>         pop     eax
   173                              <1> 
   174                              <1>         ;---------------------------------
   175                              <1>         ; スタックフレームの破棄
   176                              <1>         ;---------------------------------
   177 00000115 89EC                <1>         mov     esp, ebp
   178 00000117 5D                  <1>         pop     ebp
   179                              <1> 
   180 00000118 C3                  <1>         ret
    44                                  %include  "../modules/protect/draw_char.s"
     1                              <1> draw_char:
     2                              <1>     ;---------------------------------
     3                              <1>     ;   スタックフレームの構築
     4                              <1>     ;---------------------------------
     5                              <1>                                         ;     +20| 文字
     6                              <1>                                         ;     +16| 描画色
     7                              <1>                                         ;     +12| 行
     8                              <1>                                         ;     + 8| 列
     9                              <1>                                         ;  ------|------
    10 00000119 55                  <1>     push    ebp                         ;  EBP+ 4| IP(戻り番地)
    11 0000011A 89E5                <1>     mov     ebp, esp                    ;  EBP+ 0| BP(元の値)
    12                              <1>                                         ;  ------+------
    13                              <1> 
    14                              <1>     ;---------------------------------
    15                              <1>     ; レジスタの保存
    16                              <1>     ;---------------------------------
    17 0000011C 50                  <1>     push    eax
    18 0000011D 53                  <1>     push    ebx
    19 0000011E 51                  <1>     push    ecx
    20 0000011F 52                  <1>     push    edx
    21 00000120 56                  <1>     push    esi
    22 00000121 57                  <1>     push    edi
    23                              <1> 
    24                              <1>     ;---------------------------------------
    25                              <1>     ; テストアンドセット
    26                              <1>     ;---------------------------------------
    27                              <1> %ifdef	USE_TEST_AND_SET
    28                              <1>     cdecl	test_and_set, IN_USE			; TEST_AND_SET(IN_USE); // リソースの空き待ち
    29                              <1> %endif
    30                              <1> 
    31                              <1>     ;---------------------------------------
    32                              <1>     ; コピー元フォントアドレスを設定
    33                              <1>     ;---------------------------------------
    34 00000122 0FB67514            <1>     movzx   esi, byte [ebp + 20]            ; CL  = 文字コード;
    35 00000126 C1E604              <1>     shl     esi, 4							; CL *= 16; // 1文字16バイト
    36 00000129 0335[90000000]      <1>     add     esi, [FONT_ADR]					; ESI = フォントアドレス;
    37                              <1> 
    38                              <1>     ;---------------------------------------
    39                              <1>     ; コピー先アドレスを取得
    40                              <1>     ; Adr = 0xA0000 + (640 / 8 * 16) * y + x
    41                              <1>     ;---------------------------------------
    42 0000012F 8B7D0C              <1>     mov     edi, [ebp + 12]                 ; Y（行）
    43 00000132 C1E708              <1>     shl     edi, 8							; EDI = Y * 256;
    44 00000135 8DBCBF00000A00      <1>     lea     edi, [edi * 4 + edi + 0xA0000]	; EDI = Y *   4 + Y;
    45 0000013C 037D08              <1>     add     edi, [ebp + 8]					; X（列）
    46                              <1> 
    47                              <1>     ;---------------------------------------
    48                              <1>     ; 1文字分のフォントを出力
    49                              <1>     ;---------------------------------------
    50 0000013F 0FB75D10            <1>     movzx   ebx, word [ebp + 16]            ; // 表示色
    51                              <1> 
    52 00000143 6A03E84AFFFFFF6683- <1>     cdecl   vga_set_read_plane, 0x03		; // 書き込みプレーン：輝度(I)
    52 0000014C C404                <1>
    53 0000014E 6A08E858FFFFFF6683- <1>     cdecl   vga_set_write_plane, 0x08		; // 読み込みプレーン：輝度(I)
    53 00000157 C404                <1>
    54 00000159 536A085756E863FFFF- <1>     cdecl   vram_font_copy, esi, edi, 0x08, ebx
    54 00000162 FF6683C410          <1>
    55                              <1> 
    56 00000167 6A02E826FFFFFF6683- <1>     cdecl   vga_set_read_plane, 0x02		; // 書き込みプレーン：赤(R)
    56 00000170 C404                <1>
    57 00000172 6A04E834FFFFFF6683- <1>     cdecl   vga_set_write_plane, 0x04		; // 読み込みプレーン：赤(R)
    57 0000017B C404                <1>
    58 0000017D 536A045756E83FFFFF- <1>     cdecl   vram_font_copy, esi, edi, 0x04, ebx
    58 00000186 FF6683C410          <1>
    59                              <1> 
    60 0000018B 6A01E802FFFFFF6683- <1>     cdecl   vga_set_read_plane, 0x01		; // 書き込みプレーン：緑(G)
    60 00000194 C404                <1>
    61 00000196 6A02E810FFFFFF6683- <1>     cdecl   vga_set_write_plane, 0x02		; // 読み込みプレーン：緑(G)
    61 0000019F C404                <1>
    62 000001A1 536A025756E81BFFFF- <1>     cdecl   vram_font_copy, esi, edi, 0x02, ebx
    62 000001AA FF6683C410          <1>
    63                              <1> 
    64 000001AF 6A00E8DEFEFFFF6683- <1>     cdecl   vga_set_read_plane, 0x00		; // 書き込みプレーン：青(B)
    64 000001B8 C404                <1>
    65 000001BA 6A01E8ECFEFFFF6683- <1>     cdecl   vga_set_write_plane, 0x01		; // 読み込みプレーン：青(B)
    65 000001C3 C404                <1>
    66 000001C5 536A015756E8F7FEFF- <1>     cdecl   vram_font_copy, esi, edi, 0x01, ebx
    66 000001CE FF6683C410          <1>
    67                              <1> 
    68                              <1> %ifdef	USE_TEST_AND_SET
    69                              <1>     ;---------------------------------------
    70                              <1>     ; テストアンドセット
    71                              <1>     ;---------------------------------------
    72                              <1>     mov		[IN_USE], dword 0				; 変数のクリア
    73                              <1> %endif
    74                              <1> 
    75                              <1>     ;---------------------------------
    76                              <1>     ; レジスタの復帰
    77                              <1>     ;---------------------------------
    78 000001D3 5F                  <1>     pop     edi
    79 000001D4 5E                  <1>     pop     esi
    80 000001D5 5A                  <1>     pop     edx
    81 000001D6 59                  <1>     pop     ecx
    82 000001D7 5B                  <1>     pop     ebx
    83 000001D8 58                  <1>     pop     eax
    84                              <1> 
    85                              <1>     ;---------------------------------
    86                              <1>     ; スタックフレームの破棄
    87                              <1>     ;---------------------------------
    88 000001D9 89EC                <1>     mov     esp, ebp
    89 000001DB 5D                  <1>     pop     ebp
    90                              <1> 
    91 000001DC C3                  <1>     ret
    92                              <1> 
    93                              <1> %ifdef USE_TEST_AND_SET
    94                              <1> ALIGN 4, db 0
    95                              <1> IN_USE:	dd	0
    96                              <1> %endif
    45                                  
    46                                  ;************************************************
    47                                  ;   パディング
    48                                  ;************************************************
    49 000001DD 00<rept>                        times   KERNEL_SIZE - ($ - $$)      db  0x00
