     1                                      BOOT_LOAD   equ     0x7C00          ; ブートプログラムのロード位置
     2                                  
     3                                      ORG     BOOT_LOAD                   ; ロードアドレスをアセンブラに指示
     4                                  
     5                                  ;**************************************
     6                                  ;   マクロ
     7                                  ;**************************************
     8                                  %include    "../include/macro.s"
     1                              <1> %macro  cdecl 1-*.nolist
     2                              <1> 
     3                              <1>     %rep    %0 - 1
     4                              <1>         push    %{-1:-1}
     5                              <1>         %rotate -1
     6                              <1>     %endrep
     7                              <1>     %rotate - 1
     8                              <1> 
     9                              <1>         call    %1
    10                              <1> 
    11                              <1>     %if 1 < %0
    12                              <1>         add     sp, (__BITS__ >> 3) * (%0 - 1)
    13                              <1>     %endif
    14                              <1> 
    15                              <1> %endmacro
     9                                  
    10                                  ;**************************************
    11                                  ;   エントリポイント
    12                                  ;**************************************
    13                                  entry:
    14 00000000 EB58                        jmp ipl                             ; IPLへジャンプ
    15                                  
    16                                      ;----------------------------------
    17                                      ;  BPB(BIOS Parameter Block)
    18                                      ;----------------------------------
    19 00000002 90<rept>                    times   90 - ($ - $$) db 0x90       ;
    20                                  
    21                                      ;----------------------------------
    22                                      ;  IPL(Intial Program Loader)
    23                                      ;----------------------------------
    24                                  ipl:
    25 0000005A FA                          cli                                 ; // 割り込み禁止
    26                                  
    27 0000005B B80000                      mov     ax, 0x0000                  ; AX = 0x0000;
    28 0000005E 8ED8                        mov     ds, ax                      ; DS = 0x0000;
    29 00000060 8EC0                        mov     es, ax                      ; ES = 0x0000;
    30 00000062 8ED0                        mov     ss, ax                      ; SS = 0x0000;
    31 00000064 BC007C                      mov     sp, BOOT_LOAD               ; SP = 0x7C00;
    32                                  
    33 00000067 FB                          sti                                 ; // 割り込み許可
    34                                  
    35 00000068 8816[8600]                  mov     [BOOT.DRIVE], dl            ; ブートドライブを保持
    36                                  
    37                                      ;----------------------------------
    38                                      ;  文字を表示
    39                                      ;----------------------------------
    40 0000006C 6A58E8170083C402            cdecl   putc, word 'X'
    41 00000074 6A59E80F0083C402            cdecl   putc, word 'Y'
    42 0000007C 6A5AE8070083C402            cdecl   putc, word 'Z'
    43                                  
    44                                      ;----------------------------------
    45                                      ;  処理の終了
    46                                      ;----------------------------------
    47 00000084 EBFE                        jmp     $                           ; while(1); // 無限ループ
    48                                  
    49                                  ALIGN 2, db 0
    50                                  BOOT:                                   ; ブートドライブに関する情報
    51 00000086 0000                    .DRIVE:     dw  0                       ; ドライブ番号
    52                                  
    53                                  ;**************************************
    54                                  ;   モジュール
    55                                  ;**************************************
    56                                  %include "../modules/real/putc.s"
     1                              <1> putc:
     2                              <1>     ;---------------------------------
     3                              <1>     ;   スタックフレームの構築
     4                              <1>     ;---------------------------------
     5                              <1>                                         ;   BP+ 4| 出力文字
     6 00000088 55                  <1>     push    bp                          ;   BP+ 2| IP(戻り番地)
     7 00000089 89E5                <1>     mov     bp, sp                      ;   BP+ 0| BP(元の値)
     8                              <1>                                         ;  ------+------
     9                              <1> 
    10                              <1>     ;---------------------------------
    11                              <1>     ;   レジスタの保存
    12                              <1>     ;---------------------------------
    13 0000008B 50                  <1>     push    ax
    14 0000008C 53                  <1>     push    bx
    15                              <1> 
    16                              <1>     ;---------------------------------
    17                              <1>     ;   処理の開始
    18                              <1>     ;---------------------------------
    19 0000008D 8A4604              <1>     mov al, [bp + 4]                    ; 出力文字を取得
    20 00000090 B40E                <1>     mov ah, 0x0E                        ; テレタイプ式1文字出力
    21 00000092 BB0000              <1>     mov bx, 0x0000                      ; ページ番号と文字色を0に設定
    22 00000095 CD10                <1>     int 0x10                            ; ビデオBIOSコール
    23                              <1> 
    24                              <1>     ;---------------------------------
    25                              <1>     ;   レジスタの復帰
    26                              <1>     ;---------------------------------
    27 00000097 5B                  <1>     pop bx
    28 00000098 58                  <1>     pop ax
    29                              <1> 
    30                              <1>     ;---------------------------------
    31                              <1>     ;   スタックフレームの破棄
    32                              <1>     ;---------------------------------
    33 00000099 89EC                <1>     mov sp, bp
    34 0000009B 5D                  <1>     pop bp
    35                              <1> 
    36 0000009C C3                  <1>     ret
    57                                  
    58                                  ;**************************************
    59                                  ;   ブートフラグ(先頭512バイトの終了)
    60                                  ;**************************************
    61 0000009D 00<rept>                    times   510 - ($ - $$) db 0x00
    62 000001FE 55AA                        db  0x55, 0xAA
