     1                                  %include "../include/define.s"
     1                              <1>     BOOT_LOAD       equ     0x7C00
     2                              <1>     BOOT_END        equ     (BOOT_LOAD + BOOT_SIZE)
     3                              <1> 
     4                              <1>     BOOT_SIZE       equ     (1024 * 8)
     5                              <1>     SECT_SIZE       equ     (512)
     6                              <1>     BOOT_SECT       equ     (BOOT_SIZE / SECT_SIZE)
     7                              <1> 
     8                              <1>     E820_RECORD_SIZE    equ     20
     9                              <1> 
    10                              <1>     KERNEL_LOAD     equ     0x0010_1000
    11                              <1>     KERNEL_SIZE     equ     (1024 * 8)      ; カーネルサイズ
    12                              <1>     KERNEL_SECT     equ     (KERNEL_SIZE / SECT_SIZE)
     2                                  %include "../include/macro.s"
     1                              <1> %macro  cdecl 1-*.nolist
     2                              <1> 
     3                              <1>     %rep    %0 - 1
     4                              <1>         push    %{-1:-1}
     5                              <1>         %rotate -1
     6                              <1>     %endrep
     7                              <1>     %rotate - 1
     8                              <1> 
     9                              <1>         call    %1
    10                              <1> 
    11                              <1>     %if 1 < %0
    12                              <1>         add     sp, (__BITS__ >> 3) * (%0 - 1)
    13                              <1>     %endif
    14                              <1> 
    15                              <1> %endmacro
    16                              <1> 
    17                              <1> struc drive
    18 00000000 <res 00000002>      <1>         .no     resw    1           ; ドライブ番号
    19 00000002 <res 00000002>      <1>         .cyln   resw    1           ; シリンダ
    20 00000004 <res 00000002>      <1>         .head   resw    1           ; ヘッド
    21 00000006 <res 00000002>      <1>         .sect   resw    1           ; セクタ
    22                              <1> endstruc
     3                                  
     4                                          ORG     KERNEL_LOAD
     5                                  
     6                                  [BITS 32]
     7                                  ;************************************************
     8                                  ;   エントリポイント
     9                                  ;************************************************
    10                                  kernel:
    11                                          ;----------------------------------
    12                                          ; フォントアドレスを取得
    13                                          ;----------------------------------
    14 00000000 BE007E0000                      mov     esi, BOOT_LOAD + SECT_SIZE      ; ESI = 0x7C00 + 512;
    15 00000005 0FB706                          movzx   eax, word [esi + 0]             ; EAX = [ESI + 0]; // セグメント
    16 00000008 0FB75E02                        movzx   ebx, word [esi + 2]             ; EBX = [ESI + 2]; // オフセット
    17 0000000C C1E004                          shl     eax, 4                          ; EAX <<= 4;
    18 0000000F 01D8                            add     eax, ebx                        ; EAX += EBX;
    19 00000011 A3[58000000]                    mov     [FONT_ADR], eax                 ; FONT_ADR[0] = EAX;
    20                                          
    21                                          ;---------------------------------------
    22                                          ; フォントの一覧表示
    23                                          ;---------------------------------------
    24 00000016 6A0D6A3FE886010000-             cdecl   draw_font, 63, 13               ; // フォントの一覧表示
    24 0000001F 6683C408           
    25 00000023 6A046A3FE807020000-             cdecl   draw_color_bar, 63, 4           ; // カラーバーの表示
    25 0000002C 6683C408           
    26                                  
    27 00000030 68[49000000]680F01-             cdecl   draw_str, 25, 14, 0x010F, .s0
    27 00000038 00006A0E6A19E8A701-
    27 00000041 00006683C410       
    28                                  
    29                                          ;----------------------------------
    30                                          ; 処理の終了
    31                                          ;----------------------------------
    32 00000047 EBFE                            jmp     $                               ; while(1);     // 無限ループ
    33                                  
    34 00000049 48656C6C6F206B6572-     .s0:    db  "Hello kernel!", 0
    34 00000052 6E656C2100         
    35                                  
    36 00000057 00                      ALIGN 4, db 0
    37 00000058 00000000                FONT_ADR:       dd  0
    38                                  
    39                                  ;************************************************
    40                                  ;   モジュール
    41                                  ;************************************************
    42                                  %include  "../modules/protect/vga.s"
     1                              <1> vga_set_read_plane:
     2                              <1>         ;---------------------------------
     3                              <1>         ; スタックフレームの構築
     4                              <1>         ;---------------------------------
     5                              <1>                                             ;    + 8| プレーン (インデックス)
     6                              <1>                                             ; ------+---------------
     7 0000005C 55                  <1>         push    ebp                         ;    + 4| EIP (戻り番地)
     8 0000005D 89E5                <1>         mov     ebp, esp                    ; EBP+ 0| EBP (元の値)
     9                              <1>                                             ;-------+---------------
    10                              <1> 
    11                              <1>         ;---------------------------------
    12                              <1>         ; レジスタの保存
    13                              <1>         ;---------------------------------
    14 0000005F 50                  <1>         push    eax
    15 00000060 52                  <1>         push    edx
    16                              <1> 
    17                              <1>         ;---------------------------------
    18                              <1>         ; 読み込みプレーンの選択
    19                              <1>         ;---------------------------------
    20 00000061 8A6508              <1>         mov     ah, [ebp + 8]
    21 00000064 80E403              <1>         and     ah, 0x03
    22 00000067 B004                <1>         mov     al, 0x04
    23 00000069 66BACE03            <1>         mov     dx, 0x03CE
    24 0000006D 66EF                <1>         out     dx, ax
    25                              <1> 
    26                              <1>         ;---------------------------------
    27                              <1>         ; レジスタの復帰
    28                              <1>         ;---------------------------------
    29 0000006F 5A                  <1>         pop     edx
    30 00000070 58                  <1>         pop     eax
    31                              <1> 
    32                              <1>         ;---------------------------------
    33                              <1>         ; スタックフレームの破棄
    34                              <1>         ;---------------------------------
    35 00000071 89EC                <1>         mov     esp, ebp
    36 00000073 5D                  <1>         pop     ebp
    37                              <1> 
    38 00000074 C3                  <1>         ret
    39                              <1> 
    40                              <1> vga_set_write_plane:
    41                              <1>         ;---------------------------------
    42                              <1>         ; スタックフレームの構築
    43                              <1>         ;---------------------------------
    44                              <1>                                             ;    + 8| プレーン (ビット指定)
    45                              <1>                                             ; ------+---------------
    46 00000075 55                  <1>         push    ebp                         ;    + 4| EIP (戻り番地)
    47 00000076 89E5                <1>         mov     ebp, esp                    ; EBP+ 0| EBP (元の値)
    48                              <1>                                             ;-------+---------------
    49                              <1> 
    50                              <1>         ;---------------------------------
    51                              <1>         ; レジスタの保存
    52                              <1>         ;---------------------------------
    53 00000078 50                  <1>         push    eax
    54 00000079 52                  <1>         push    edx
    55                              <1> 
    56                              <1>         ;---------------------------------
    57                              <1>         ; 書き込みプレーンの選択
    58                              <1>         ;---------------------------------
    59 0000007A 8A6508              <1>         mov     ah, [ebp + 8]
    60 0000007D 80E40F              <1>         and     ah, 0x0F
    61 00000080 B002                <1>         mov     al, 0x02
    62 00000082 66BAC403            <1>         mov     dx, 0x03C4
    63 00000086 66EF                <1>         out     dx, ax
    64                              <1> 
    65                              <1>         ;---------------------------------
    66                              <1>         ; レジスタの復帰
    67                              <1>         ;---------------------------------
    68 00000088 5A                  <1>         pop     edx
    69 00000089 58                  <1>         pop     eax
    70                              <1> 
    71                              <1>         ;---------------------------------
    72                              <1>         ; スタックフレームの破棄
    73                              <1>         ;---------------------------------
    74 0000008A 89EC                <1>         mov     esp, ebp
    75 0000008C 5D                  <1>         pop     ebp
    76                              <1> 
    77 0000008D C3                  <1>         ret
    78                              <1> 
    79                              <1> vram_font_copy:
    80                              <1>         ;---------------------------------
    81                              <1>         ; スタックフレームの構築
    82                              <1>         ;---------------------------------
    83                              <1>                                             ;    +20| 描画色
    84                              <1>                                             ;    +16| プレーン(ビット指定)
    85                              <1>                                             ;    +12| VRAMアドレス
    86                              <1>                                             ;    + 8| フォントアドレス
    87                              <1>                                             ; ------+---------------
    88 0000008E 55                  <1>         push    ebp                         ;    + 4| EIP (戻り番地)
    89 0000008F 89E5                <1>         mov     ebp, esp                    ; EBP+ 0| EBP (元の値)
    90                              <1>                                             ; ------+---------------
    91                              <1> 
    92                              <1>         ;---------------------------------
    93                              <1>         ; レジスタの保存
    94                              <1>         ;---------------------------------
    95 00000091 50                  <1>         push    eax
    96 00000092 53                  <1>         push    ebx
    97 00000093 51                  <1>         push    ecx
    98 00000094 52                  <1>         push    edx
    99 00000095 56                  <1>         push    esi
   100 00000096 57                  <1>         push    edi
   101                              <1> 
   102                              <1>         ;---------------------------------
   103                              <1>         ; 処理の開始
   104                              <1>         ;---------------------------------
   105 00000097 8B7508              <1>         mov     esi, [ebp + 8]
   106 0000009A 8B7D0C              <1>         mov     edi, [ebp +12]
   107 0000009D 0FB64510            <1>         movzx   eax, byte [ebp +16]
   108 000000A1 0FB75D14            <1>         movzx   ebx, word [ebp + 20]
   109                              <1> 
   110 000000A5 84C7                <1>         test    bh, al
   111 000000A7 0F94C6              <1>         setz    dh
   112 000000AA FECE                <1>         dec     dh
   113                              <1> 
   114 000000AC 84C3                <1>         test    bl, al
   115 000000AE 0F94C2              <1>         setz    dl
   116 000000B1 FECA                <1>         dec     dl
   117                              <1> 
   118                              <1>         ;---------------------------------
   119                              <1>         ; 16ドットフォントのコピー
   120                              <1>         ;---------------------------------
   121 000000B3 FC                  <1>         cld
   122                              <1> 
   123 000000B4 B910000000          <1>         mov     ecx, 16
   124                              <1> .10L:
   125                              <1>         ;---------------------------------
   126                              <1>         ; フォントマスクの作成
   127                              <1>         ;---------------------------------
   128 000000B9 AC                  <1>         lodsb
   129 000000BA 88C4                <1>         mov     ah, al
   130 000000BC F6D4                <1>         not     ah
   131                              <1> 
   132                              <1>         ;---------------------------------
   133                              <1>         ; 前景色
   134                              <1>         ;---------------------------------
   135                              <1> 
   136 000000BE 20D0                <1>         and     al, dl
   137                              <1> 
   138                              <1>         ;---------------------------------
   139                              <1>         ; 背景色
   140                              <1>         ;---------------------------------
   141 000000C0 F7C310000000        <1>         test    ebx, 0x0010
   142 000000C6 7404                <1>         jz      .11F
   143 000000C8 2227                <1>         and     ah, [edi]
   144 000000CA EB02                <1>         jmp     .11E
   145                              <1> .11F:
   146                              <1> 
   147 000000CC 20F4                <1>         and     ah, dh
   148                              <1> .11E:
   149                              <1> 
   150                              <1>         ;---------------------------------
   151                              <1>         ; 前景色と背景色を合成
   152                              <1>         ;---------------------------------
   153 000000CE 08E0                <1>         or      al, ah
   154                              <1> 
   155                              <1>         ;---------------------------------
   156                              <1>         ; 新しい値を出力
   157                              <1>         ;---------------------------------
   158 000000D0 8807                <1>         mov     [edi], al
   159                              <1> 
   160 000000D2 83C750              <1>         add     edi, 80
   161 000000D5 E2E2                <1>         loop    .10L
   162                              <1> .10E:
   163                              <1> 
   164                              <1>         ;---------------------------------
   165                              <1>         ; レジスタの復帰
   166                              <1>         ;---------------------------------
   167 000000D7 5F                  <1>         pop     edi
   168 000000D8 5E                  <1>         pop     esi
   169 000000D9 5A                  <1>         pop     edx
   170 000000DA 59                  <1>         pop     ecx
   171 000000DB 5B                  <1>         pop     ebx
   172 000000DC 58                  <1>         pop     eax
   173                              <1> 
   174                              <1>         ;---------------------------------
   175                              <1>         ; スタックフレームの破棄
   176                              <1>         ;---------------------------------
   177 000000DD 89EC                <1>         mov     esp, ebp
   178 000000DF 5D                  <1>         pop     ebp
   179                              <1> 
   180 000000E0 C3                  <1>         ret
    43                                  %include  "../modules/protect/draw_char.s"
     1                              <1> draw_char:
     2                              <1>     ;---------------------------------
     3                              <1>     ;   スタックフレームの構築
     4                              <1>     ;---------------------------------
     5                              <1>                                         ;     +20| 文字
     6                              <1>                                         ;     +16| 描画色
     7                              <1>                                         ;     +12| 行
     8                              <1>                                         ;     + 8| 列
     9                              <1>                                         ;  ------|------
    10 000000E1 55                  <1>     push    ebp                         ;  EBP+ 4| IP(戻り番地)
    11 000000E2 89E5                <1>     mov     ebp, esp                    ;  EBP+ 0| BP(元の値)
    12                              <1>                                         ;  ------+------
    13                              <1> 
    14                              <1>     ;---------------------------------
    15                              <1>     ; レジスタの保存
    16                              <1>     ;---------------------------------
    17 000000E4 50                  <1>     push    eax
    18 000000E5 53                  <1>     push    ebx
    19 000000E6 51                  <1>     push    ecx
    20 000000E7 52                  <1>     push    edx
    21 000000E8 56                  <1>     push    esi
    22 000000E9 57                  <1>     push    edi
    23                              <1> 
    24                              <1>     ;---------------------------------------
    25                              <1>     ; テストアンドセット
    26                              <1>     ;---------------------------------------
    27                              <1> %ifdef	USE_TEST_AND_SET
    28                              <1>     cdecl	test_and_set, IN_USE			; TEST_AND_SET(IN_USE); // リソースの空き待ち
    29                              <1> %endif
    30                              <1> 
    31                              <1>     ;---------------------------------------
    32                              <1>     ; コピー元フォントアドレスを設定
    33                              <1>     ;---------------------------------------
    34 000000EA 0FB67514            <1>     movzx   esi, byte [ebp + 20]            ; CL  = 文字コード;
    35 000000EE C1E604              <1>     shl     esi, 4							; CL *= 16; // 1文字16バイト
    36 000000F1 0335[58000000]      <1>     add     esi, [FONT_ADR]					; ESI = フォントアドレス;
    37                              <1> 
    38                              <1>     ;---------------------------------------
    39                              <1>     ; コピー先アドレスを取得
    40                              <1>     ; Adr = 0xA0000 + (640 / 8 * 16) * y + x
    41                              <1>     ;---------------------------------------
    42 000000F7 8B7D0C              <1>     mov     edi, [ebp + 12]                 ; Y（行）
    43 000000FA C1E708              <1>     shl     edi, 8							; EDI = Y * 256;
    44 000000FD 8DBCBF00000A00      <1>     lea     edi, [edi * 4 + edi + 0xA0000]	; EDI = Y *   4 + Y;
    45 00000104 037D08              <1>     add     edi, [ebp + 8]					; X（列）
    46                              <1> 
    47                              <1>     ;---------------------------------------
    48                              <1>     ; 1文字分のフォントを出力
    49                              <1>     ;---------------------------------------
    50 00000107 0FB75D10            <1>     movzx   ebx, word [ebp + 16]            ; // 表示色
    51                              <1> 
    52 0000010B 6A03E84AFFFFFF6683- <1>     cdecl   vga_set_read_plane, 0x03		; // 書き込みプレーン：輝度(I)
    52 00000114 C404                <1>
    53 00000116 6A08E858FFFFFF6683- <1>     cdecl   vga_set_write_plane, 0x08		; // 読み込みプレーン：輝度(I)
    53 0000011F C404                <1>
    54 00000121 536A085756E863FFFF- <1>     cdecl   vram_font_copy, esi, edi, 0x08, ebx
    54 0000012A FF6683C410          <1>
    55                              <1> 
    56 0000012F 6A02E826FFFFFF6683- <1>     cdecl   vga_set_read_plane, 0x02		; // 書き込みプレーン：赤(R)
    56 00000138 C404                <1>
    57 0000013A 6A04E834FFFFFF6683- <1>     cdecl   vga_set_write_plane, 0x04		; // 読み込みプレーン：赤(R)
    57 00000143 C404                <1>
    58 00000145 536A045756E83FFFFF- <1>     cdecl   vram_font_copy, esi, edi, 0x04, ebx
    58 0000014E FF6683C410          <1>
    59                              <1> 
    60 00000153 6A01E802FFFFFF6683- <1>     cdecl   vga_set_read_plane, 0x01		; // 書き込みプレーン：緑(G)
    60 0000015C C404                <1>
    61 0000015E 6A02E810FFFFFF6683- <1>     cdecl   vga_set_write_plane, 0x02		; // 読み込みプレーン：緑(G)
    61 00000167 C404                <1>
    62 00000169 536A025756E81BFFFF- <1>     cdecl   vram_font_copy, esi, edi, 0x02, ebx
    62 00000172 FF6683C410          <1>
    63                              <1> 
    64 00000177 6A00E8DEFEFFFF6683- <1>     cdecl   vga_set_read_plane, 0x00		; // 書き込みプレーン：青(B)
    64 00000180 C404                <1>
    65 00000182 6A01E8ECFEFFFF6683- <1>     cdecl   vga_set_write_plane, 0x01		; // 読み込みプレーン：青(B)
    65 0000018B C404                <1>
    66 0000018D 536A015756E8F7FEFF- <1>     cdecl   vram_font_copy, esi, edi, 0x01, ebx
    66 00000196 FF6683C410          <1>
    67                              <1> 
    68                              <1> %ifdef	USE_TEST_AND_SET
    69                              <1>     ;---------------------------------------
    70                              <1>     ; テストアンドセット
    71                              <1>     ;---------------------------------------
    72                              <1>     mov		[IN_USE], dword 0				; 変数のクリア
    73                              <1> %endif
    74                              <1> 
    75                              <1>     ;---------------------------------
    76                              <1>     ; レジスタの復帰
    77                              <1>     ;---------------------------------
    78 0000019B 5F                  <1>     pop     edi
    79 0000019C 5E                  <1>     pop     esi
    80 0000019D 5A                  <1>     pop     edx
    81 0000019E 59                  <1>     pop     ecx
    82 0000019F 5B                  <1>     pop     ebx
    83 000001A0 58                  <1>     pop     eax
    84                              <1> 
    85                              <1>     ;---------------------------------
    86                              <1>     ; スタックフレームの破棄
    87                              <1>     ;---------------------------------
    88 000001A1 89EC                <1>     mov     esp, ebp
    89 000001A3 5D                  <1>     pop     ebp
    90                              <1> 
    91 000001A4 C3                  <1>     ret
    92                              <1> 
    93                              <1> %ifdef USE_TEST_AND_SET
    94                              <1> ALIGN 4, db 0
    95                              <1> IN_USE:	dd	0
    96                              <1> %endif
    44                                  %include  "../modules/protect/draw_font.s"
     1                              <1> draw_font:
     2                              <1>         ;----------------------------------
     3                              <1>         ; スタックフレームの構築
     4                              <1>         ;----------------------------------
     5                              <1> 												; EBP+12| Y（行）
     6                              <1> 												; EBP+ 8| X（列）
     7                              <1> 												; ---------------
     8 000001A5 55                  <1>         push    ebp								; EBP+ 4| EIP（戻り番地）
     9 000001A6 89E5                <1>         mov     ebp, esp						; EBP+ 0| EBP（元の値）
    10                              <1> 												; ---------------
    11                              <1> 
    12                              <1>         ;----------------------------------
    13                              <1>         ; レジスタの保存
    14                              <1>         ;----------------------------------
    15 000001A8 50                  <1>         push    eax
    16 000001A9 53                  <1>         push    ebx
    17 000001AA 51                  <1>         push    ecx
    18 000001AB 52                  <1>         push    edx
    19 000001AC 56                  <1>         push    esi
    20 000001AD 57                  <1>         push    edi
    21                              <1> 
    22                              <1>         ;----------------------------------
    23                              <1>         ; 表示位置
    24                              <1>         ;----------------------------------
    25 000001AE 8B7508              <1>         mov     esi, [ebp + 8]					; ESI = X（列）
    26 000001B1 8B7D0C              <1>         mov     edi, [ebp +12]					; EDI = Y（行）
    27                              <1> 
    28                              <1>         ;----------------------------------
    29                              <1>         ; フォント一覧を表示
    30                              <1>         ;----------------------------------
    31 000001B4 B900000000          <1>         mov     ecx, 0							; for (ECX = 0;
    32 000001B9 81F900010000        <1> .10L:   cmp     ecx, 256						;      ECX < 256;
    33 000001BF 731F                <1>         jae     .10E                            ;
    34                              <1> 												;      ECX++)
    35                              <1> 												; {
    36                              <1> 												;   // 桁位置の計算
    37 000001C1 89C8                <1>         mov     eax, ecx						;   EAX  = ECX;
    38 000001C3 83E00F              <1>         and     eax, 0x0F						;   EAX &= 0x0F
    39 000001C6 01F0                <1>         add     eax, esi						;   EAX += X;
    40                              <1>                                                 ;
    41                              <1> 												;   // 行位置の計算
    42 000001C8 89CB                <1>         mov     ebx, ecx						;   EBX  = ECX;
    43 000001CA C1EB04              <1>         shr     ebx, 4							;   EBX /= 16
    44 000001CD 01FB                <1>         add     ebx, edi						;   EBX += Y;
    45                              <1> 
    46 000001CF 516A075350E808FFFF- <1>         cdecl   draw_char, eax, ebx, 0x07, ecx	;   draw_char();
    46 000001D8 FF6683C410          <1>
    47                              <1> 
    48 000001DD 41                  <1>         inc     ecx								;   // for (... ECX++)
    49 000001DE EBD9                <1>         jmp     .10L                            ;
    50                              <1> .10E:                                           ; }
    51                              <1> 
    52                              <1> 
    53                              <1> 
    54                              <1>         ;----------------------------------
    55                              <1>         ; レジスタの復帰
    56                              <1>         ;----------------------------------
    57 000001E0 5F                  <1>         pop     edi
    58 000001E1 5E                  <1>         pop     esi
    59 000001E2 5A                  <1>         pop     edx
    60 000001E3 59                  <1>         pop     ecx
    61 000001E4 5B                  <1>         pop     ebx
    62 000001E5 58                  <1>         pop     eax
    63                              <1> 
    64                              <1>         ;----------------------------------
    65                              <1>         ; スタックフレームの破棄
    66                              <1>         ;----------------------------------
    67 000001E6 89EC                <1>         mov     esp, ebp
    68 000001E8 5D                  <1>         pop     ebp
    69                              <1> 
    70 000001E9 C3                  <1>         ret
    45                                  %include  "../modules/protect/draw_str.s"
     1                              <1> draw_str:
     2                              <1>         ;---------------------------------
     3                              <1>         ; スタックフレームの構築
     4                              <1>         ;---------------------------------
     5                              <1>                                             ;     +20| 文字列のアドレス
     6                              <1>                                             ;     +16| 色
     7                              <1>                                             ;     +12| 行
     8                              <1>                                             ;     + 8| 列
     9                              <1>                                             ; -------+--------------
    10 000001EA 55                  <1>         push    ebp                         ;     + 4| EIP (戻り番地)
    11 000001EB 89E5                <1>         mov     ebp, esp                    ; EBP + 0| EBP (元の値)
    12                              <1> 
    13                              <1>         ;---------------------------------
    14                              <1>         ; レジスタの保存
    15                              <1>         ;---------------------------------
    16 000001ED 50                  <1> 		push	eax
    17 000001EE 53                  <1> 		push	ebx
    18 000001EF 51                  <1> 		push	ecx
    19 000001F0 52                  <1> 		push	edx
    20 000001F1 56                  <1> 		push	esi
    21                              <1> 
    22                              <1>         ;---------------------------------
    23                              <1>         ; 文字列の表示
    24                              <1>         ;---------------------------------
    25 000001F2 8B4D08              <1>         mov     ecx, [ebp + 8]              ; ECX = 列;
    26 000001F5 8B550C              <1>         mov     edx, [ebp + 12]             ; EDX = 行;
    27 000001F8 0FB75D10            <1>         movzx   ebx, word [ebp + 16]        ; EBX = 表示色;
    28 000001FC 8B7514              <1>         mov     esi, [ebp + 20]             ; ESI = 文字列のアドレス;
    29                              <1> 
    30 000001FF FC                  <1>         cld                                 ; DF = 0;   // アドレス加算
    31                              <1> .10L:                                       ; do
    32                              <1>                                             ; {
    33 00000200 AC                  <1>         lodsb                               ;    AL = *ESI++;
    34 00000201 3C00                <1>         cmp     al, 0                       ;    if(0 == AL)
    35 00000203 7425                <1>         je      .10E                        ;      break;
    36                              <1> 
    37                              <1>         ;---------------------------------
    38                              <1>         ; 1文字表示
    39                              <1>         ;---------------------------------
    40 00000205 50535251E8D3FEFFFF- <1>         cdecl   draw_char, ecx, edx, ebx, eax   ;   draw_char();
    40 0000020E 6683C410            <1>
    41                              <1> 
    42                              <1>         ; 次の文字の位置を調整
    43 00000212 41                  <1>         inc     ecx                         ;   ECX++;
    44 00000213 83F950              <1>         cmp     ecx, 80                     ;   if(80 <= ECX)
    45 00000216 7C10                <1>         jl      .12E                        ;   {
    46 00000218 B900000000          <1>         mov     ecx, 0                      ;      ECX = 0;
    47 0000021D 42                  <1>         inc     edx                         ;      EDX++;
    48 0000021E 83FA1E              <1>         cmp     edx, 30                     ;      if(30 <= EDX)
    49 00000221 7C05                <1>         jl      .12E                        ;      {
    50 00000223 BA00000000          <1>         mov     edx, 0                      ;         EDX = 0;
    51                              <1> .12E:                                       ;      }
    52 00000228 EBD6                <1>         jmp     .10L                        ;   }
    53                              <1> .10E:                                       ; } while(1);
    54                              <1>        
    55                              <1>         ;---------------------------------
    56                              <1>         ; レジスタの復帰
    57                              <1>         ;---------------------------------
    58 0000022A 5E                  <1> 		pop		esi
    59 0000022B 5A                  <1> 		pop		edx
    60 0000022C 59                  <1> 		pop		ecx
    61 0000022D 5B                  <1> 		pop		ebx
    62 0000022E 58                  <1> 		pop		eax
    63                              <1> 
    64                              <1>         ;---------------------------------
    65                              <1>         ; スタックフレームの破棄
    66                              <1>         ;---------------------------------
    67 0000022F 89EC                <1>         mov     esp, ebp
    68 00000231 5D                  <1>         pop     ebp
    69                              <1> 
    70 00000232 C3                  <1>         ret
    46                                  %include  "../modules/protect/draw_color_bar.s"
     1                              <1> draw_color_bar:
     2                              <1>         ;---------------------------------------
     3                              <1>         ; スタックフレームの構築
     4                              <1>         ;---------------------------------------
     5                              <1> 
     6                              <1>                                                 ;     +12| Y(行)
     7                              <1>                                                 ;     + 8| X(列)
     8                              <1>                                                 ; -------+-------------
     9 00000233 55                  <1>         push    ebp                             ;     + 4| EIP(戻り番地)
    10 00000234 89E5                <1>         mov     ebp, esp                        ; EBP + 0| EBP(元の値)
    11                              <1>                                                 ; ---------------------
    12                              <1> 
    13                              <1> 		;---------------------------------------
    14                              <1> 		; レジスタの保存
    15                              <1> 		;---------------------------------------
    16 00000236 50                  <1> 		push	eax
    17 00000237 53                  <1> 		push	ebx
    18 00000238 51                  <1> 		push	ecx
    19 00000239 52                  <1> 		push	edx
    20 0000023A 56                  <1> 		push	esi
    21 0000023B 57                  <1> 		push	edi
    22                              <1> 
    23                              <1>         ;---------------------------------------
    24                              <1>         ; 表示位置
    25                              <1>         ;---------------------------------------
    26 0000023C 8B7508              <1>         mov     esi, [ebp + 8]                      ; ESI = X(列);
    27 0000023F 8B7D0C              <1>         mov     edi, [ebp +12]                      ; EDI = Y(行);
    28                              <1> 
    29                              <1>         ;---------------------------------------
    30                              <1>         ; カラーバーを表示
    31                              <1>         ;---------------------------------------
    32 00000242 B900000000          <1>         mov     ecx, 0                              ; for(ECX = 0;
    33 00000247 83F910              <1> .10L:   cmp     ecx, 16                             ;     ECX < 16;
    34 0000024A 732E                <1>         jae     .10E                                ;
    35                              <1>                                                     ;     ECX++)
    36                              <1>                                                     ; {
    37                              <1>                                                     ;    // 桁位置の計算
    38 0000024C 89C8                <1>         mov     eax, ecx                            ;    EAX = ECX;
    39 0000024E 83E001              <1>         and     eax, 0x01                           ;    EAX &= 0x01;
    40 00000251 C1E003              <1>         shl     eax, 3                              ;    EAX *= 8;  // 8文字分乗算
    41 00000254 01F0                <1>         add     eax, esi                            ;    EAX += X;
    42                              <1>                                                     ;
    43                              <1>                                                     ;    // 行位置の計算
    44 00000256 89CB                <1>         mov     ebx, ecx                            ;    EBX = ECX;
    45 00000258 D1EB                <1>         shr     ebx, 1                              ;    EBX /= 2;
    46 0000025A 01FB                <1>         add     ebx, edi                            ;    EBX += Y;
    47                              <1>                                                     ;
    48                              <1>                                                     ;    // 表示色の取得
    49 0000025C 89CA                <1>         mov     edx, ecx                            ;    EDX = ECX;
    50 0000025E D1E2                <1>         shl     edx, 1                              ;    EDX /= 2;
    51 00000260 8B92[8D020000]      <1>         mov     edx, [.t0 + edx]                    ;    EDX += Y;
    52                              <1> 
    53 00000266 68[84020000]525350- <1>         cdecl   draw_str, eax, ebx, edx, .s0        ;    draw_str();
    53 0000026E E877FFFFFF6683C410  <1>
    54                              <1> 
    55 00000277 41                  <1>         inc     ecx                                 ; // for(... ECX++)
    56 00000278 EBCD                <1>         jmp     .10L                                ;
    57                              <1> .10E:                                               ; }
    58                              <1> 
    59                              <1> 
    60                              <1>         ;---------------------------------------
    61                              <1>         ; レジスタの復帰
    62                              <1>         ;---------------------------------------
    63 0000027A 5F                  <1>         pop     edi
    64 0000027B 5E                  <1>         pop     esi
    65 0000027C 5A                  <1>         pop     edx
    66 0000027D 59                  <1>         pop     ecx
    67 0000027E 5B                  <1>         pop     ebx
    68 0000027F 58                  <1>         pop     eax
    69                              <1> 
    70                              <1>         ;---------------------------------------
    71                              <1>         ; スタックフレームの破棄
    72                              <1>         ;---------------------------------------
    73 00000280 89EC                <1>         mov     esp, ebp
    74 00000282 5D                  <1>         pop     ebp
    75                              <1> 
    76 00000283 C3                  <1>         ret
    77                              <1> 
    78 00000284 202020202020202000  <1> .s0:    db  '        ', 0                           ; 8文字分のスペース（表示色だけを変更）
    79                              <1> 
    80 0000028D 00000008            <1> .t0:    dw  0x0000, 0x0800                          ; カラーバーの背景色
    81 00000291 00010009            <1>         dw  0x0100, 0x0900
    82 00000295 0002000A            <1>         dw  0x0200, 0x0A00
    83 00000299 0003000B            <1>         dw  0x0300, 0x0B00
    84 0000029D 0004000C            <1>         dw  0x0400, 0x0C00
    85 000002A1 0005000D            <1>         dw  0x0500, 0x0D00
    86 000002A5 0006000E            <1>         dw  0x0600, 0x0E00
    87 000002A9 0007000F            <1>         dw  0x0700, 0x0F00
    47                                  
    48                                  ;************************************************
    49                                  ;   パディング
    50                                  ;************************************************
    51 000002AD 00<rept>                        times   KERNEL_SIZE - ($ - $$)      db  0x00
